2026-03-29 22:28:33,490 - WARNING - Microservices transfer failed (insufficient) from=3 amount=300
2026-03-29 22:28:33,491 - INFO - Microservices transfer success from=1 to=2 amount=100
2026-03-29 22:28:33,492 - INFO - MVC transfer from=1 to=2 amount=100
2026-03-29 22:28:33,492 - WARNING - Transfer failed. Account missing from=999 to=2
2026-03-29 22:28:33,492 - WARNING - Transfer failed. Insufficient funds from=3 amount=1000
2026-03-29 22:28:33,492 - INFO - Transfer success from=1 to=2 amount=100
2026-03-29 22:28:33,493 - WARNING - BLL transfer failed (insufficient) from=3 amount=300
2026-03-29 22:28:33,493 - INFO - DAL update balance id=1 balance=900.0
2026-03-29 22:28:33,494 - INFO - DAL update balance id=2 balance=600.0
2026-03-29 22:28:33,497 - INFO - BLL transfer success from=1 to=2 amount=100
2026-03-29 22:35:58,853 - INFO - Checked balance id=1 balance=1000.0
2026-03-29 22:36:21,772 - INFO - Transfer success from=1 to=2 amount=20.0
2026-03-29 22:36:39,085 - INFO - Checked balance id=2 balance=520.0
2026-03-30 01:22:27,547 - WARNING - Microservices transfer failed (insufficient) from=3 amount=300
2026-03-30 01:22:27,552 - INFO - Microservices transfer success from=1 to=2 amount=100
2026-03-30 01:22:27,584 - WARNING - Transfer failed. Account missing from=999 to=2
2026-03-30 01:22:27,584 - WARNING - Transfer failed. Insufficient funds from=3 amount=1000
2026-03-30 01:22:27,585 - INFO - Transfer success from=1 to=2 amount=100
2026-03-30 01:22:27,585 - WARNING - BLL transfer failed (insufficient) from=3 amount=300
2026-03-30 01:22:27,585 - INFO - DAL update balance id=1 balance=900.0
2026-03-30 01:22:27,586 - INFO - DAL update balance id=2 balance=600.0
2026-03-30 01:22:27,586 - INFO - BLL transfer success from=1 to=2 amount=100
